// Jest Snapshot v1, https://goo.gl/fbAQLP

exports[`Test DisplayText matches snapshot 1`] = `
<body>
  <div>
    <div>
      <form>
        <div>
          <label>
            Enter your name
          </label>
        </div>
        <div>
          <input
            data-testid="user-input"
            type="text"
            value=""
          />
        </div>
        <button
          data-testid="input-submit"
        >
          Show Message
        </button>
        <div>
          <label
            data-testid="final-msg"
          />
        </div>
        <div>
          this is just a test entry
        </div>
      </form>
    </div>
  </div>
</body>
`;
